Started on Nov 20, 2025, 11:46:53 AM
Using strategy: SpecificRevisionBuildChooser
[poll] Last Built Revision: Revision d450ad9cb3c3122cd72dcabc263e4b9b41242a47 (main)
Selected Git installation does not exist. Using Default
The recommended git tool is: NONE
No credentials specified
 > git --version # timeout=10
 > git --version # 'git version 2.39.5'
 > git ls-remote -h -- https://github.com/jmagit/REM20251117.git # timeout=10
Found 4 remote heads on https://github.com/jmagit/REM20251117.git
[poll] Latest remote head revision on refs/heads/main is: d450ad9cb3c3122cd72dcabc263e4b9b41242a47 - already built by 4
Using strategy: Default
[poll] Last Built Revision: Revision 02b90c8583cfe91b7b25c3f3b2591892c74d908f (refs/remotes/origin/master)
Selected Git installation does not exist. Using Default
The recommended git tool is: NONE
No credentials specified
 > git --version # timeout=10
 > git --version # 'git version 2.39.5'
 > git ls-remote -h -- https://github.com/jmagit/demos-devops.git # timeout=10
Found 3 remote heads on https://github.com/jmagit/demos-devops.git
[poll] Latest remote head revision on refs/heads/master is: 1d878d96cb36ea80c7bb348e28f05a376b57f986
Done. Took 2.4 sec
Changes found
