Started on Nov 20, 2025, 12:06:43 PM
Using strategy: SpecificRevisionBuildChooser
[poll] Last Built Revision: Revision 9aae0da0ff2408b412cfda91e2a8348837b9b3e0 (production)
Selected Git installation does not exist. Using Default
The recommended git tool is: NONE
No credentials specified
 > git --version # timeout=10
 > git --version # 'git version 2.39.5'
 > git ls-remote -h -- https://github.com/jmagit/REM20251117.git # timeout=10
Found 4 remote heads on https://github.com/jmagit/REM20251117.git
[poll] Latest remote head revision on refs/heads/production is: 9aae0da0ff2408b412cfda91e2a8348837b9b3e0 - already built by 4
Using strategy: Default
[poll] Last Built Revision: Revision 1d878d96cb36ea80c7bb348e28f05a376b57f986 (refs/remotes/origin/master)
Selected Git installation does not exist. Using Default
The recommended git tool is: NONE
No credentials specified
 > git --version # timeout=10
 > git --version # 'git version 2.39.5'
 > git ls-remote -h -- https://github.com/jmagit/demos-devops.git # timeout=10
Found 3 remote heads on https://github.com/jmagit/demos-devops.git
[poll] Latest remote head revision on refs/heads/master is: aaf08750e6ee6525715fa257f741fd9b48e082d4
Done. Took 2.8 sec
Changes found
