Started on Nov 20, 2025, 9:20:31 AM
Using strategy: Default
[poll] Last Built Revision: Revision 3aab453d340077c636a3e2ad11c0568fc6a3e77c (refs/remotes/origin/main)
Selected Git installation does not exist. Using Default
The recommended git tool is: NONE
No credentials specified
 > git --version # timeout=10
 > git --version # 'git version 2.39.5'
 > git ls-remote -h -- https://github.com/jmagit/REM20251117.git # timeout=10
Found 4 remote heads on https://github.com/jmagit/REM20251117.git
[poll] Latest remote head revision on refs/heads/main is: 19d64042394fa0dd5db85ec4abfce2da36f93dae
Using strategy: Default
[poll] Last Built Revision: Revision 02b90c8583cfe91b7b25c3f3b2591892c74d908f (refs/remotes/origin/master)
Selected Git installation does not exist. Using Default
The recommended git tool is: NONE
No credentials specified
 > git --version # timeout=10
 > git --version # 'git version 2.39.5'
 > git ls-remote -h -- https://github.com/jmagit/demos-devops.git # timeout=10
Found 3 remote heads on https://github.com/jmagit/demos-devops.git
[poll] Latest remote head revision on refs/heads/master is: 02b90c8583cfe91b7b25c3f3b2591892c74d908f - already built by 2
Done. Took 0.97 sec
Changes found
