Started on Nov 20, 2025, 12:55:15 PM
Using strategy: SpecificRevisionBuildChooser
[poll] Last Built Revision: Revision d450ad9cb3c3122cd72dcabc263e4b9b41242a47 (main)
Selected Git installation does not exist. Using Default
The recommended git tool is: NONE
No credentials specified
 > git --version # timeout=10
 > git --version # 'git version 2.39.5'
 > git ls-remote -h -- https://github.com/jmagit/REM20251117.git # timeout=10
Found 4 remote heads on https://github.com/jmagit/REM20251117.git
[poll] Latest remote head revision on refs/heads/main is: e713cfcbf62c1885c5d5d3f9c5635cfde4b9a79b
Using strategy: Default
[poll] Last Built Revision: Revision 0547ef5374c030dad625a2dfc3991d4ca9accaed (refs/remotes/origin/master)
Selected Git installation does not exist. Using Default
The recommended git tool is: NONE
No credentials specified
 > git --version # timeout=10
 > git --version # 'git version 2.39.5'
 > git ls-remote -h -- https://github.com/jmagit/demos-devops.git # timeout=10
Found 3 remote heads on https://github.com/jmagit/demos-devops.git
[poll] Latest remote head revision on refs/heads/master is: 0547ef5374c030dad625a2dfc3991d4ca9accaed - already built by 9
Done. Took 0.99 sec
Changes found
