Started by user [8mha:////4BOZiHlT/kJtEv11NmhIcyp5S+PZcoqagU3mgYx1FFLbAAAAlx+LCAAAAAAAAP9b85aBtbiIQTGjNKU4P08vOT+vOD8nVc83PyU1x6OyILUoJzMv2y+/JJUBAhiZGBgqihhk0NSjKDWzXb3RdlLBUSYGJk8GtpzUvPSSDB8G5tKinBIGIZ+sxLJE/ZzEvHT94JKizLx0a6BxUmjGOUNodHsLgAy2EgYe/dLi1CJ9oEGZqUUAwTlTg8EAAAA=[0mJavier
[Thu Nov 20 09:47:21 UTC 2025] Starting branch indexing...
 > git --version # timeout=10
 > git --version # 'git version 2.39.5'
 > git ls-remote --symref -- https://github.com/jmagit/REM20251117.git # timeout=10
 > git rev-parse --resolve-git-dir /var/jenkins_home/caches/git-ac42017261e7de6b81313748cc92c0bd/.git # timeout=10
Setting origin to https://github.com/jmagit/REM20251117.git
 > git config remote.origin.url https://github.com/jmagit/REM20251117.git # timeout=10
Fetching & pruning origin...
Listing remote references...
 > git config --get remote.origin.url # timeout=10
 > git --version # timeout=10
 > git --version # 'git version 2.39.5'
 > git ls-remote -h -- https://github.com/jmagit/REM20251117.git # timeout=10
Fetching upstream changes from origin
 > git config --get remote.origin.url # timeout=10
 > git fetch --no-tags --force --progress --prune -- origin +refs/heads/*:refs/remotes/origin/* # timeout=10
Checking branches...
  Checking branch production
      ‘Jenkinsfile’ found
    Met criteria
Changes detected: production (256697298a283c1267768ba1ce1fc02b6d2401fd → 9aae0da0ff2408b412cfda91e2a8348837b9b3e0)
Scheduled build for branch: production
  Checking branch main
      ‘Jenkinsfile’ found
    Met criteria
Changes detected: main (19d64042394fa0dd5db85ec4abfce2da36f93dae → e01464e5cfaaebdb4182bb838687c202c70b2749)
Scheduled build for branch: main
  Checking branch front
      ‘Jenkinsfile’ not found
    Does not meet criteria
  Checking branch back
      ‘Jenkinsfile’ not found
    Does not meet criteria
Processed 4 branches
[Thu Nov 20 09:47:24 UTC 2025] Finished branch indexing. Indexing took 2.1 sec
Finished: SUCCESS
