Started on Nov 19, 2025, 8:46:14 PM
Using strategy: Default
[poll] Last Built Revision: Revision 256697298a283c1267768ba1ce1fc02b6d2401fd (refs/remotes/origin/production)
Selected Git installation does not exist. Using Default
The recommended git tool is: NONE
No credentials specified
 > git --version # timeout=10
 > git --version # 'git version 2.39.5'
 > git ls-remote -h -- https://github.com/jmagit/REM20251117.git # timeout=10
Found 4 remote heads on https://github.com/jmagit/REM20251117.git
[poll] Latest remote head revision on refs/heads/production is: 256697298a283c1267768ba1ce1fc02b6d2401fd - already built by 19
Using strategy: Default
[poll] Last Built Revision: Revision b71ccfe21b8b24e2c22dc9b0b404fe1521b4412d (refs/remotes/origin/master)
Selected Git installation does not exist. Using Default
The recommended git tool is: NONE
No credentials specified
 > git --version # timeout=10
 > git --version # 'git version 2.39.5'
 > git ls-remote -h -- https://github.com/jmagit/demos-devops.git # timeout=10
Found 3 remote heads on https://github.com/jmagit/demos-devops.git
[poll] Latest remote head revision on refs/heads/master is: 2728b1f879ad94f766cc7814775e189d5908972c
Done. Took 0.94 sec
Changes found
